Router(config)#
Router(config)#inter
Router(config)#interface ?
  Dot11Radio        Dot11 interface
  Ethernet          IEEE 802.3
  FastEthernet      FastEthernet IEEE 802.3
  GigabitEthernet   GigabitEthernet IEEE 802.3z
  Loopback          Loopback interface
  Port-channel      Ethernet Channel of interfaces
  Serial            Serial
  Tunnel            Tunnel interface
  Virtual-Template  Virtual Template interface
  Vlan              Catalyst Vlans
  range             interface range command
Router(config)#interface  Fast
Router(config)#interface  FastEthernet 0/0
Router(config-if)#?
  arp                Set arp type (arpa, probe, snap) or timeout
  bandwidth          Set bandwidth informational parameter
  cdp                CDP interface subcommands
  channel-group      Add this interface to an Etherchannel group
  crypto             Encryption/Decryption commands
  custom-queue-list  Assign a custom queue list to an interface
  delay              Specify interface throughput delay
  description        Interface specific description
  duplex             Configure duplex operation.
  exit               Exit from interface configuration mode
  fair-queue         Enable Fair Queuing on an Interface
  hold-queue         Set hold queue depth
  ip                 Interface Internet Protocol config commands
  ipv6               IPv6 interface subcommands
  lldp               LLDP interface subcommands
  mac-address        Manually set interface MAC address
  mtu                Set the interface Maximum Transmission Unit (MTU)
  no                 Negate a command or set its defaults
  pppoe              pppoe interface subcommands
  priority-group     Assign a priority group to an interface
  service-policy     Configure QoS Service Policy
  shutdown           Shutdown the selected interface
  speed              Configure speed operation.
  standby            HSRP interface configuration commands
  tx-ring-limit      Configure PA level transmit ring limit
  zone-member        Apply zone name
Router(config-if)#
Router(config-if)#
Router(config-if)#ip ?
  access-group        Specify access control for packets
  address             Set the IP address of an interface
  authentication      authentication subcommands
  flow                NetFlow Related commands
  hello-interval      Configures IP-EIGRP hello interval
  helper-address      Specify a destination address for UDP broadcasts
  inspect             Apply inspect name
  ips                 Create IPS rule
  mtu                 Set IP Maximum Transmission Unit
  nat                 NAT interface commands
  ospf                OSPF interface commands
  proxy-arp           Enable proxy ARP
  split-horizon       Perform split horizon
  summary-address     Perform address summarization
  virtual-reassembly  Virtual Reassembly
Router(config-if)#ip add
Router(config-if)#ip address 192.168.10.1 255.255.255.252
Router(config-if)#exit
Router(config)#interface  FastEthernet 0/1
Router(config-if)#ip address 10.11.1.1 255.255.255.0
Router(config-if)#exit
Router(config)#interface  FastEthernet 1/0
Router(config-if)#ip address 192.168.1.1 255.255.255.0
Router(config-if)#no shutdown

Router(config-if)#
%LINK-5-CHANGED: Interface FastEthernet1/0, changed state to up

%LINEPROTO-5-UPDOWN: Line protocol on Interface FastEthernet1/0, changed state to up

Router(config-if)#exit
Router(config)#interface  FastEthernet 0/0-1
                                         ^
% Invalid input detected at '^' marker.
	
Router(config)#
Router(config)#interface  FastEthernet 0/range(0-1)
                                         ^
% Invalid input detected at '^' marker.
	
Router(config)#interface  FastEthernet 0/0
Router(config-if)#no shutdown

Router(config-if)#
%LINK-5-CHANGED: Interface FastEthernet0/0, changed state to up

Router(config-if)#interface  FastEthernet 0/1
Router(config-if)#no shutdown

Router(config-if)#
%LINK-5-CHANGED: Interface FastEthernet0/1, changed state to up

%LINEPROTO-5-UPDOWN: Line protocol on Interface FastEthernet0/1, changed state to up

Router(config-if)#
%LINEPROTO-5-UPDOWN: Line protocol on Interface FastEthernet0/0, changed state to up









Router con0 is now available






Press RETURN to get started.













Router>enable
Router#conf
Router#configure 
Configuring from terminal, memory, or network [terminal]? 
Enter configuration commands, one per line.  End with CNTL/Z.
Router(config)#router rip
Router(config-router)#new
Router(config-router)#net
Router(config-router)#network 192.168.1.0
Router(config-router)#network 192.168.10.0
Router(config-router)#network 10.11.1.0
Router(config-router)#exit
Router(config)#exit
Router#
%SYS-5-CONFIG_I: Configured from console by console

Router#show ip route
Codes: C - connected, S - static, I - IGRP, R - RIP, M - mobile, B - BGP
       D - EIGRP, EX - EIGRP external, O - OSPF, IA - OSPF inter area
       N1 - OSPF NSSA external type 1, N2 - OSPF NSSA external type 2
       E1 - OSPF external type 1, E2 - OSPF external type 2, E - EGP
       i - IS-IS, L1 - IS-IS level-1, L2 - IS-IS level-2, ia - IS-IS inter area
       * - candidate default, U - per-user static route, o - ODR
       P - periodic downloaded static route

Gateway of last resort is not set

     10.0.0.0/24 is subnetted, 1 subnets
C       10.11.1.0 is directly connected, FastEthernet0/1
C    192.168.1.0/24 is directly connected, FastEthernet1/0
R    192.168.2.0/24 [120/1] via 192.168.10.2, 00:00:01, FastEthernet0/0
R    192.168.3.0/24 [120/1] via 10.11.1.2, 00:00:15, FastEthernet0/1
     192.168.10.0/30 is subnetted, 2 subnets
C       192.168.10.0 is directly connected, FastEthernet0/0
R       192.168.10.4 [120/1] via 192.168.10.2, 00:00:01, FastEthernet0/0

Router#show ip interface brief
Interface              IP-Address      OK? Method Status                Protocol 
FastEthernet0/0        192.168.10.1    YES manual up                    up 
FastEthernet0/1        10.11.1.1       YES manual up                    up 
FastEthernet1/0        192.168.1.1     YES manual up                    up 
FastEthernet1/1        unassigned      YES unset  administratively down down 
Vlan1                  unassigned      YES unset  administratively down down
Router#
Router#
Router#write memory
Building configuration...
[OK]